# name: test_categorize_ingredient_test_cases
  list([
    tuple(
      '',
      'unknown',
    ),
    tuple(
      '(13-ounce) can unsweetened coconut milk',
      'canned & packaged',
    ),
    tuple(
      '(14.5-ounce) can whole or crushed tomatoes',
      'canned & packaged',
    ),
    tuple(
      '(15-ounce) cans chickpeas',
      'canned & packaged',
    ),
    tuple(
      '(3/4 inch thick) slices of a 10 inch round peasant loaf',
      'bread',
    ),
    tuple(
      '(6-inch) corn tortillas',
      'bread',
    ),
    tuple(
      '1 lime',
      'produce',
    ),
    tuple(
      '1-inch piece ginger',
      'produce',
    ),
    tuple(
      '1/4 ounce active dry yeast',
      'dry goods',
    ),
    tuple(
      '14 oz cans of diced tomatoes',
      'canned & packaged',
    ),
    tuple(
      '14.5-ounce can whole peeled tomatoes',
      'canned & packaged',
    ),
    tuple(
      '15-ounce can chickpeas',
      'canned & packaged',
    ),
    tuple(
      '15-ounce container ricotta cheese',
      'dairy',
    ),
    tuple(
      '28 ounce can San Marzano tomatoes',
      'produce',
    ),
    tuple(
      '28-ounce can whole tomatoes',
      'canned & packaged',
    ),
    tuple(
      '3-to-3.5-pound butternut squash',
      'produce',
    ),
    tuple(
      '4-ounce milk chocolate bar',
      'baking',
    ),
    tuple(
      'Asian fish sauce',
      'condiments',
    ),
    tuple(
      'Chinese rice wine',
      'dry goods',
    ),
    tuple(
      'Grated Parmigiano-Reggiano',
      'cheese',
    ),
    tuple(
      'all-butter puff pastry',
      'frozen',
    ),
    tuple(
      'almond butter',
      'condiments',
    ),
    tuple(
      'almond flour',
      'baking',
    ),
    tuple(
      'almond paste',
      'condiments',
    ),
    tuple(
      'apple cider vinegar',
      'condiments',
    ),
    tuple(
      'baby bok choy',
      'produce',
    ),
    tuple(
      'barley rusks',
      'bread',
    ),
    tuple(
      'beef broth',
      'canned & packaged',
    ),
    tuple(
      'beef or chicken broth',
      'canned & packaged',
    ),
    tuple(
      'beef stock',
      'canned & packaged',
    ),
    tuple(
      'best-quality apricot jam or orange marmalade',
      'produce',
    ),
    tuple(
      'boti masala',
      'spices',
    ),
    tuple(
      'bulk hot or sweet breakfast sausage or Italian sausage',
      'meat',
    ),
    tuple(
      'butternut squash',
      'produce',
    ),
    tuple(
      'butternut squash (1 small squash)',
      'produce',
    ),
    tuple(
      'cherry or grape tomatoes',
      'produce',
    ),
    tuple(
      'chicken stock',
      'canned & packaged',
    ),
    tuple(
      'chinese egg noodles',
      'dry goods',
    ),
    tuple(
      'chipotle aioli (store bought)',
      'condiments',
    ),
    tuple(
      'cloves garlic',
      'produce',
    ),
    tuple(
      'coarsely grated mozzarella',
      'cheese',
    ),
    tuple(
      'coconut extract',
      'produce',
    ),
    tuple(
      'coconut noosa',
      'dairy',
    ),
    tuple(
      'coconut oil',
      'condiments',
    ),
    tuple(
      'coconut rum or dark rum',
      'produce',
    ),
    tuple(
      'coconut sugar or substitute brown sugar',
      'baking',
    ),
    tuple(
      'corn torillas',
      'produce',
    ),
    tuple(
      'corn tortilla chips',
      'dry goods',
    ),
    tuple(
      'corn tortillas',
      'bread',
    ),
    tuple(
      'cornmeal',
      'dry goods',
    ),
    tuple(
      'cornstarch',
      'dry goods',
    ),
    tuple(
      'cream of coconut',
      'canned & packaged',
    ),
    tuple(
      'cream of tartar',
      'spices',
    ),
    tuple(
      'creamy unsweetened peanut butter',
      'condiments',
    ),
    tuple(
      'crystallized ginger',
      'produce',
    ),
    tuple(
      'cubanelle peppers',
      'produce',
    ),
    tuple(
      'dark corn syrup',
      'baking',
    ),
    tuple(
      'diced canned tomatoes',
      'canned & packaged',
    ),
    tuple(
      'dill pickle chips',
      'condiments',
    ),
    tuple(
      'doubanjiang (Sichuanese fermented chile bean paste; see Note)',
      'condiments',
    ),
    tuple(
      'dried green split peas',
      'dry goods',
    ),
    tuple(
      'dried oregano',
      'spices',
    ),
    tuple(
      'dry mustard powder',
      'spices',
    ),
    tuple(
      'eggplant',
      'produce',
    ),
    tuple(
      'fennel seed',
      'spices',
    ),
    tuple(
      'finely chopped cornichons or small kosher dill pickles',
      'condiments',
    ),
    tuple(
      'finely grated ginger',
      'produce',
    ),
    tuple(
      'fish sauce',
      'condiments',
    ),
    tuple(
      'fresno peppers',
      'produce',
    ),
    tuple(
      'garlic cloves',
      'produce',
    ),
    tuple(
      'graham cracker crumbs',
      'dry goods',
    ),
    tuple(
      'ground ginger',
      'spices',
    ),
    tuple(
      'hamburger buns',
      'bread',
    ),
    tuple(
      'haricot vert fins or green beans',
      'produce',
    ),
    tuple(
      'harissa or tomato paste',
      'canned & packaged',
    ),
    tuple(
      'hot italian sausage',
      'meat',
    ),
    tuple(
      'large poblano pepper',
      'produce',
    ),
    tuple(
      'lemon extract',
      'spices',
    ),
    tuple(
      'light corn syrup',
      'baking',
    ),
    tuple(
      'loaf sweet egg bread like challah or brioche',
      'bread',
    ),
    tuple(
      'low sodium chicken stock',
      'canned & packaged',
    ),
    tuple(
      'low-sodium chicken broth',
      'canned & packaged',
    ),
    tuple(
      'malted milk powder',
      'baking',
    ),
    tuple(
      'matcha powder',
      'dry goods',
    ),
    tuple(
      'medium-coarse yellow cornmeal',
      'dry goods',
    ),
    tuple(
      'onion powder',
      'spices',
    ),
    tuple(
      'oyster sauce',
      'canned & packaged',
    ),
    tuple(
      'pepper jack cheese',
      'cheese',
    ),
    tuple(
      'pickled jalapeno',
      'condiments',
    ),
    tuple(
      'raw papaya paste',
      'canned & packaged',
    ),
    tuple(
      'red bird eye chillies, roughly chopped',
      'produce',
    ),
    tuple(
      'sesame aioli',
      'condiments',
    ),
    tuple(
      'slices bread',
      'bread',
    ),
    tuple(
      'small basil leaves (preferably thai or cinnamon basil)',
      'produce',
    ),
    tuple(
      'store bought or homemade zaâ€™atar',
      'spices',
    ),
    tuple(
      'tomato paste',
      'canned & packaged',
    ),
  ])
# ---
