# name: test_parse_links_in_steps
  _ExtractedRecipe(title='Easy Pressure Cooker Chicken Enchiladas Recipe', total_time='1 hour, 5 mins', yields='4', instructions=['For the Chicken and Sauce: Trim tops of chiles and discard seeds (see here for more detailed instructions ). Place on a microwave-safe plate and microwave on high power until pliable and fragrant, about 15 seconds. Cut chiles into thin strips using kitchen shears or a sharp knife.', 'Combine chiles, chicken, serrano or jalapeño, tomatoes, onion, garlic, chipotle peppers and adobo sauce, bay leaf, oregano, cumin, coriander, and chicken stock in a pressure cooker, season with salt and pepper, and stir roughly until ingredients are evenly distributed. Seal pressure cooker and cook on high pressure for 15 minutes. Release pressure using quick-release method. Using tongs, transfer chicken to a bowl and set aside to cool.', 'Discard bay leaf. Transfer remaining ingredients from pressure cooker to the jar of a blender. Add soy sauce and lime juice. Blend, starting at low speed and slowly increasing to high until sauce is smooth. Season to taste with salt and stir in 3 tablespoons of cilantro. Transfer to a bowl.', 'When chicken is cool enough to handle, discard skin and bones. Shred chicken meat roughly with your fingers or two forks. Fold in 1/4 cup of sauce and season to taste with salt and pepper.', 'To Assemble: Adjust oven rack to middle position and preheat oven to 400°F (200°C). Heat canola oil in a medium cast iron or non-stick skillet over medium heat until shimmering. Working one at a time, place a tortilla in the oil, fry for 5 seconds, turn, and fry second side for 5 seconds. Transfer to a paper towel-lined plate to drain, then to a second clean plate. Stack tortillas as you work and cover with a clean kitchen towel or paper towel when finished to keep tortillas warm.', 'Dip tortillas in sauce one at a time, letting excess drip off and stacking them as you go. Ladle one cup of sauce over the base of a 9- by 13-inch baking dish. Place 2 to 3 tablespoons of chicken filling in a line along the center of one tortilla. Roll tortilla up like a cigar and transfer to baking dish, seam side-down. Repeat with remaining tortillas and filling.', 'Spoon more sauce over the top of tortillas, then spread cheddar or Jack cheese in two even rows across the center of tortillas. Spoon a few more tablespoons of sauce on top of cheese. Cover baking dish with aluminum foil, transfer to oven, and bake for 10 minutes. Remove foil, sprinkle with half of cotija cheese, and continue baking until heated through, 5 to 10 minutes longer.', 'Remove baking dish from oven, sprinkle with remaining cotija cheese and chopped cilantro, and serve immediately, passing any additional salsa at the table.'], ingredient_groups=[_IngredientGroup(name=None, ingredients=['For the Chicken and Sauce:', '2 whole dried ancho chilies', '2 pounds bone-in, skin-on chicken thighs', '1 Serrano or jalapeño pepper, roughly sliced', '1 pound roma tomatoes, roughly chopped (about 4)', '1 medium onion, sliced', '4 medium cloves garlic, smashed', '2 whole canned chipotle chilies packed in adobo, plus 2 tablepoons sauce from the can', '1 bay leaf', '2 teaspoons dried oregano, preferably Mexican', '1 teaspoon ground cumin seed', '1/2 teaspoon ground coriander seed', '1/2 cup homemade or store-bought low-sodium chicken stock', 'Kosher salt and freshly ground black pepper', '1 tablespoon juice from 1 lime', '1 tablespoon soy sauce', '1/4 cup chopped fresh cilantro leaves and fine stems', 'To Assemble:', '1/4 cup canola oil', '12 fresh corn tortillas', '3 ounces grated Jack or cheddar cheese', '1 ounce crumbled cotija cheese'])], author='J. Kenji López-Alt', canonical_url='https://www.seriouseats.com/pressure-cooker-fast-and-easy-chicken-enchiladas-food-lab-recipe', image_urls=['https://www.seriouseats.com/thmb/MEehZwvU0VrQiq6XNCsVqERrnig=/1500x0/filters:no_upscale():max_bytes(150000):strip_icc()/__opt__aboutcom__coeus__resources__content_migration__serious_eats__seriouseats.com__recipes__images__2015__04__20150416-pressure-cooke-chicken-enchiladas-recipe-28-6da39b7c0ff3429ab2d8e2ca927d8ba5.jpg', 'https://www.seriouseats.com/thmb/MEehZwvU0VrQiq6XNCsVqERrnig=/1500x0/filters:no_upscale():max_bytes(150000):strip_icc()/__opt__aboutcom__coeus__resources__content_migration__serious_eats__seriouseats.com__recipes__images__2015__04__20150416-pressure-cooke-chicken-enchiladas-recipe-28-6da39b7c0ff3429ab2d8e2ca927d8ba5.jpg'])
# ---
# name: test_parse_recipe_tips_html_to_markdown
  _ExtractedRecipe(title='Chile Crisp Fettuccine Alfredo With Spinach', total_time='25 mins', yields='6 servings', instructions=['Bring a large pot of salted water to a boil. While the water heats, melt the butter with the chile crisp in a very large skillet or Dutch oven over low heat.', 'Whisk in the cream and keep warm over low. (It should steam, not bubble.)', 'Cook the fettuccine until al dente according to the package directions. Use tongs to transfer the noodles to the cream mixture, reserving the pasta water.', 'Add the spinach and turn with tongs until the noodles are well coated.', 'Add the Parmesan and toss, still over low heat, until the noodles are slicked with a creamy sauce, adding a spoonful or two of pasta water if needed to loosen the sauce. Divide among serving dishes and top with Parmesan and more chile crisp, if you’d like. Serve immediately.', '**Tips**\nYou can make [chile crisp](https://cooking.nytimes.com/recipes/1022366-chile-crisp) easily at home or buy it in supermarkets or online. It varies in spiciness, so adjust the amount to your taste. For this dish, try to add more of the solids than the oil to the sauce for the most flavorful dish.'], ingredient_groups=[_IngredientGroup(name=None, ingredients=['Salt', '4 tablespoons butter', '1 to 2 tablespoons chile crisp, plus more to taste (see Tip)', '1 cup heavy cream', '1 pound dried fettuccine', '1 (5-ounce) package baby spinach', '3/4 cup finely grated Parmesan (2 1/4 ounces), plus more for serving'])], author='Genevieve Ko', canonical_url='https://cooking.nytimes.com/recipes/1023609-chile-crisp-fettuccine-alfredo-with-spinach', image_urls=['https://static01.nyt.com/images/2022/11/02/dining/27korex-alfredo/26korex-alfredo-threeByTwoMediumAt2X.jpg', 'https://static01.nyt.com/images/2022/11/02/dining/27korex-alfredo/26korex-alfredo-videoSixteenByNineJumbo1600.jpg'])
# ---
